../Src/012i2c_master_rx_testingIT.c:21:6:delay	16	static
../Src/012i2c_master_rx_testingIT.c:37:6:I2C1_GPIOInits	24	static
../Src/012i2c_master_rx_testingIT.c:56:6:I2C1_Inits	8	static
../Src/012i2c_master_rx_testingIT.c:79:6:GPIO_ButtonInit	8	static
../Src/012i2c_master_rx_testingIT.c:93:5:main	16	static
../Src/012i2c_master_rx_testingIT.c:130:6:I2C1_EV_IRQHandler	8	static
../Src/012i2c_master_rx_testingIT.c:133:6:I2C1_ER_IRQHandler	8	static
../Src/012i2c_master_rx_testingIT.c:138:6:I2C_ApplicationEventCallback	16	static
