../drivers/Src/stm32411xx_spi_driver.c:32:6:SPI_PeriClockControl	16	static
../drivers/Src/stm32411xx_spi_driver.c:73:6:SPI_Init	24	static
../drivers/Src/stm32411xx_spi_driver.c:132:6:SPI_DeInit	16	static
../drivers/Src/stm32411xx_spi_driver.c:136:9:SPI_GetFlagStatus	16	static
../drivers/Src/stm32411xx_spi_driver.c:158:6:SPI_SendData	24	static
../drivers/Src/stm32411xx_spi_driver.c:195:6:SPI_PeripheralControl	16	static
../drivers/Src/stm32411xx_spi_driver.c:218:6:SPI_SSIConfig	16	static
../drivers/Src/stm32411xx_spi_driver.c:241:6:SPI_SSOEConfig	16	static
../drivers/Src/stm32411xx_spi_driver.c:264:6:SPI_ReceiveData	24	static
../drivers/Src/stm32411xx_spi_driver.c:300:6:SPI_IRQInterruptConfig	16	static
../drivers/Src/stm32411xx_spi_driver.c:352:6:SPI_IRQPriorityConfig	24	static
../drivers/Src/stm32411xx_spi_driver.c:377:9:SPI_SendDataIT	32	static
../drivers/Src/stm32411xx_spi_driver.c:412:9:SPI_ReceiveDataIT	32	static
../drivers/Src/stm32411xx_spi_driver.c:449:6:SPI_IRQHandling	24	static
../drivers/Src/stm32411xx_spi_driver.c:484:13:spi_txe_interrupt_handle	16	static
../drivers/Src/stm32411xx_spi_driver.c:512:13:spi_rxne_interrupt_handle	16	static
../drivers/Src/stm32411xx_spi_driver.c:540:13:spi_ovr_err_interrupt_handle	24	static
../drivers/Src/stm32411xx_spi_driver.c:555:6:SPI_CloseTransmisson	16	static
../drivers/Src/stm32411xx_spi_driver.c:561:6:SPI_CloseReception	16	static
../drivers/Src/stm32411xx_spi_driver.c:568:6:SPI_CLearOVRFlag	24	static
../drivers/Src/stm32411xx_spi_driver.c:575:13:SPI_ApplicationEventCallback	16	static
