11:20:50 **** Incremental Build of configuration Debug for project testing_slave_2 ****
make -j16 all 
arm-none-eabi-gcc "../Src/main.c" -mcpu=cortex-m4 -std=gnu11 -g3 -DDEBUG -DSTM32 -DSTM32F4 -DSTM32F411CEUx -c -I../Inc -O0 -ffunction-sections -fdata-sections -Wall -fstack-usage -fcyclomatic-complexity -MMD -MP -MF"Src/main.d" -MT"Src/main.o" --specs=nano.specs -mfpu=fpv4-sp-d16 -mfloat-abi=hard -mthumb -o "Src/main.o"
arm-none-eabi-gcc -o "testing_slave_2.elf" @"objects.list"   -mcpu=cortex-m4 -T"D:\STM32Projects\Embedded Driver Develpoment Course 1 codes\testing_slave_2\STM32F411CEUX_FLASH.ld" --specs=nosys.specs -Wl,-Map="testing_slave_2.map" -Wl,--gc-sections -static --specs=nano.specs -mfpu=fpv4-sp-d16 -mfloat-abi=hard -mthumb -Wl,--start-group -lc -lm -Wl,--end-group
Finished building target: testing_slave_2.elf
 
arm-none-eabi-size  testing_slave_2.elf 
arm-none-eabi-objdump -h -S testing_slave_2.elf  > "testing_slave_2.list"
   text	   data	    bss	    dec	    hex	filename
   2560	      0	   1576	   4136	   1028	testing_slave_2.elf
Finished building: default.size.stdout
 
Finished building: testing_slave_2.list
 

11:20:50 Build Finished. 0 errors, 0 warnings. (took 454ms)

